
> vibelog@2.0.0 test
> node --experimental-vm-modules node_modules/jest/bin/jest.js

node.exe : 
(node:4760) Experi
mentalWarning: VM 
Modules is an 
experimental 
feature and might 
change at any time
At C:\Program File
s\nodejs\npm.ps1:2
9 char:3
+   & $NODE_EXE 
$NPM_CLI_JS $args
+   ~~~~~~~~~~~~~~
~~~~~~~~~~~~~~~
    + CategoryInf 
   o          :   
  NotSpecified:   
  ((node:4760)    
 Exp...nge at     
any time:Str    
ing) [], Remo    
teException
    + FullyQualif 
   iedErrorId :   
  NativeCommand   
 Error
 
(Use `node 
--trace-warnings 
...` to show 
where the warning 
was created)
PASS test/LogManag
er.test.ts 
(237.183 s)
(node:20668) Exper
imentalWarning: 
VM Modules is an 
experimental 
feature and might 
change at any time
(Use `node 
--trace-warnings 
...` to show 
where the warning 
was created)
(node:14920) Exper
imentalWarning: 
VM Modules is an 
experimental 
feature and might 
change at any time
(Use `node 
--trace-warnings 
...` to show 
where the warning 
was created)
(node:2760) Experi
mentalWarning: VM 
Modules is an 
experimental 
feature and might 
change at any time
(Use `node 
--trace-warnings 
...` to show 
where the warning 
was created)
(node:20780) Exper
imentalWarning: 
VM Modules is an 
experimental 
feature and might 
change at any time
(Use `node 
--trace-warnings 
...` to show 
where the warning 
was created)
(node:6000) Experi
mentalWarning: VM 
Modules is an 
experimental 
feature and might 
change at any time
(Use `node 
--trace-warnings 
...` to show 
where the warning 
was created)
PASS test/Blockcha
inService.test.ts 
(237.637 s)
PASS test/crypto.t
est.ts (237.799 s)
PASS test/config.t
est.ts (238.105 s)
PASS test/OfflineQ
ueue.test.ts 
(238.138 s)
PASS test/Security
.test.ts (237.823 
s)
PASS test/Analytic
s.test.ts 
(160.752 s)
(node:17380) Exper
imentalWarning: 
VM Modules is an 
experimental 
feature and might 
change at any time
(Use `node 
--trace-warnings 
...` to show 
where the warning 
was created)
PASS test/TeamServ
ice.test.ts 
(484.695 s)
A worker process 
has failed to 
exit gracefully 
and has been 
force exited. 
This is likely 
caused by tests 
leaking due to 
improper 
teardown. Try 
running with --det
ectOpenHandles to 
find leaks. 
Active timers can 
also cause this, 
ensure that 
.unref() was 
called on them.

Test Suites: 8 
passed, 8 total
Tests:       56 
passed, 56 total
Snapshots:   0 
total
Time:        
512.883 s
Ran all test 
suites.
